Copyright 1986-2022 Xilinx, Inc. All Rights Reserved. Copyright 2022-2025 Advanced Micro Devices, Inc. All Rights Reserved.
---------------------------------------------------------------------------------------------------------------------------------------------
| Tool Version : Vivado v.2025.2 (win64) Build 6299465 Fri Nov 14 19:35:11 GMT 2025
| Date         : Thu Jul 16 15:12:07 2026
| Host         : Denanath running 64-bit major release  (build 9200)
| Command      : report_control_sets -verbose -file Digital_clock_control_sets_placed.rpt
| Design       : Digital_clock
| Device       : xc7s50
---------------------------------------------------------------------------------------------------------------------------------------------

Control Set Information

Table of Contents
-----------------
1. Summary
2. Histogram
3. Flip-Flop Distribution
4. Detailed Control Set Information

1. Summary
----------

+----------------------------------------------------------+-------+
|                          Status                          | Count |
+----------------------------------------------------------+-------+
| Total control sets                                       |     9 |
|    Minimum number of control sets                        |     9 |
|    Addition due to synthesis replication                 |     0 |
|    Addition due to physical synthesis replication        |     0 |
| Unused register locations in slices containing registers |    38 |
+----------------------------------------------------------+-------+
* Control sets can be merged at opt_design using control_set_merge or merge_equivalent_drivers
** Run report_qor_suggestions for automated merging and remapping suggestions


2. Histogram
------------

+--------------------+-------+
|       Fanout       | Count |
+--------------------+-------+
| Total control sets |     9 |
| >= 0 to < 4        |     0 |
| >= 4 to < 6        |     8 |
| >= 6 to < 8        |     0 |
| >= 8 to < 10       |     0 |
| >= 10 to < 12      |     0 |
| >= 12 to < 14      |     0 |
| >= 14 to < 16      |     0 |
| >= 16              |     1 |
+--------------------+-------+
* Control sets can be remapped at either synth_design or opt_design


3. Flip-Flop Distribution
-------------------------

+--------------+-----------------------+------------------------+-----------------+--------------+
| Clock Enable | Synchronous Set/Reset | Asynchronous Set/Reset | Total Registers | Total Slices |
+--------------+-----------------------+------------------------+-----------------+--------------+
| No           | No                    | No                     |               5 |            2 |
| No           | No                    | Yes                    |              49 |           19 |
| No           | Yes                   | No                     |               0 |            0 |
| Yes          | No                    | No                     |               0 |            0 |
| Yes          | No                    | Yes                    |              28 |           13 |
| Yes          | Yes                   | No                     |               0 |            0 |
+--------------+-----------------------+------------------------+-----------------+--------------+


4. Detailed Control Set Information
-----------------------------------

+------------------------------------------+---------------------------+------------------+------------------+----------------+--------------+
|               Clock Signal               |       Enable Signal       | Set/Reset Signal | Slice Load Count | Bel Load Count | Bels / Slice |
+------------------------------------------+---------------------------+------------------+------------------+----------------+--------------+
|  clk_IBUF_BUFG                           | hr_ones[3]_i_1_n_0        | rst_IBUF         |                1 |              4 |         4.00 |
|  clk_IBUF_BUFG                           | min_ones[3]_i_1_n_0       | rst_IBUF         |                1 |              4 |         4.00 |
|  clk_IBUF_BUFG                           | one_second_enable_reg_n_0 | rst_IBUF         |                2 |              4 |         2.00 |
|  clk_IBUF_BUFG                           | min_tens[3]_i_1_n_0       | rst_IBUF         |                2 |              4 |         2.00 |
|  clk_IBUF_BUFG                           | sec_tens[0]               | rst_IBUF         |                1 |              4 |         4.00 |
|  clk_IBUF_BUFG                           | day[0]                    | rst_IBUF         |                2 |              4 |         2.00 |
|  clk_IBUF_BUFG                           | hr_tens[0]                | rst_IBUF         |                4 |              4 |         1.00 |
|  display_unit/display_bcd_reg[3]_i_2_n_0 |                           |                  |                2 |              5 |         2.50 |
|  clk_IBUF_BUFG                           |                           | rst_IBUF         |               19 |             49 |         2.58 |
+------------------------------------------+---------------------------+------------------+------------------+----------------+--------------+


