#-----------------------------------------------------------
# Vivado v2025.2 (64-bit)
# SW Build 6299465 on Fri Nov 14 19:35:11 GMT 2025
# IP Build 6300035 on Fri Nov 14 10:48:45 MST 2025
# SharedData Build 6298862 on Thu Nov 13 04:50:51 MST 2025
# Start of session at: Fri Jul 17 20:05:44 2026
# Process ID         : 12820
# Current directory  : E:/Vivado Projects/Digital_Clock
# Command line       : vivado.exe -gui_launcher_event rodinguilauncherevent19940 E:\Vivado Projects\Digital_Clock\Digital_Clock.xpr
# Log file           : E:/Vivado Projects/Digital_Clock/vivado.log
# Journal file       : E:/Vivado Projects/Digital_Clock\vivado.jou
# Running On         : Denanath
# Platform           : Windows Server 2016 or Windows 10
# Operating System   : 26200
# Processor Detail   : 13th Gen Intel(R) Core(TM) i7-13650HX
# CPU Frequency      : 2803 MHz
# CPU Physical cores : 14
# CPU Logical cores  : 20
# Host memory        : 16849 MB
# Swap memory        : 8589 MB
# Total Virtual      : 25439 MB
# Available Virtual  : 7481 MB
#-----------------------------------------------------------
start_gui
open_project {E:/Vivado Projects/Digital_Clock/Digital_Clock.xpr}
update_compile_order -fileset sources_1
