Copyright 1986-2022 Xilinx, Inc. All Rights Reserved. Copyright 2022-2025 Advanced Micro Devices, Inc. All Rights Reserved.
---------------------------------------------------------------------------------------------------------------------------------------------
| Tool Version : Vivado v.2025.2 (win64) Build 6299465 Fri Nov 14 19:35:11 GMT 2025
| Date         : Tue Jul 21 18:17:37 2026
| Host         : Denanath running 64-bit major release  (build 9200)
| Command      : report_control_sets -verbose -file Digital_clock_control_sets_placed.rpt
| Design       : Digital_clock
| Device       : xc7s50
---------------------------------------------------------------------------------------------------------------------------------------------

Control Set Information

Table of Contents
-----------------
1. Summary
2. Histogram
3. Flip-Flop Distribution
4. Detailed Control Set Information

1. Summary
----------

+----------------------------------------------------------+-------+
|                          Status                          | Count |
+----------------------------------------------------------+-------+
| Total control sets                                       |    28 |
|    Minimum number of control sets                        |    28 |
|    Addition due to synthesis replication                 |     0 |
|    Addition due to physical synthesis replication        |     0 |
| Unused register locations in slices containing registers |   124 |
+----------------------------------------------------------+-------+
* Control sets can be merged at opt_design using control_set_merge or merge_equivalent_drivers
** Run report_qor_suggestions for automated merging and remapping suggestions


2. Histogram
------------

+--------------------+-------+
|       Fanout       | Count |
+--------------------+-------+
| Total control sets |    28 |
| >= 0 to < 4        |     3 |
| >= 4 to < 6        |    23 |
| >= 6 to < 8        |     0 |
| >= 8 to < 10       |     0 |
| >= 10 to < 12      |     0 |
| >= 12 to < 14      |     0 |
| >= 14 to < 16      |     0 |
| >= 16              |     2 |
+--------------------+-------+
* Control sets can be remapped at either synth_design or opt_design


3. Flip-Flop Distribution
-------------------------

+--------------+-----------------------+------------------------+-----------------+--------------+
| Clock Enable | Synchronous Set/Reset | Asynchronous Set/Reset | Total Registers | Total Slices |
+--------------+-----------------------+------------------------+-----------------+--------------+
| No           | No                    | No                     |               5 |            2 |
| No           | No                    | Yes                    |              53 |           19 |
| No           | Yes                   | No                     |              17 |            5 |
| Yes          | No                    | No                     |               1 |            1 |
| Yes          | No                    | Yes                    |              88 |           31 |
| Yes          | Yes                   | No                     |               0 |            0 |
+--------------+-----------------------+------------------------+-----------------+--------------+


4. Detailed Control Set Information
-----------------------------------

+------------------------------------------+---------------------------+------------------+------------------+----------------+--------------+
|               Clock Signal               |       Enable Signal       | Set/Reset Signal | Slice Load Count | Bel Load Count | Bels / Slice |
+------------------------------------------+---------------------------+------------------+------------------+----------------+--------------+
|  display_unit/dp_reg_i_2_n_0             |                           |                  |                1 |              1 |         1.00 |
|  clk_IBUF_BUFG                           |                           | count1           |                1 |              1 |         1.00 |
|  clk_IBUF_BUFG                           | alarm_out_i_1_n_0         |                  |                1 |              1 |         1.00 |
|  display_unit/display_bcd_reg[3]_i_2_n_0 |                           |                  |                1 |              4 |         4.00 |
|  clk_IBUF_BUFG                           | min_tens[3]_i_1_n_0       | rst_IBUF         |                2 |              4 |         2.00 |
|  clk_IBUF_BUFG                           | one_second_enable_reg_n_0 | rst_IBUF         |                2 |              4 |         2.00 |
|  clk_IBUF_BUFG                           | t_ms_ones0                | count1           |                1 |              4 |         4.00 |
|  clk_IBUF_BUFG                           | alarm_hr_ones[0]          | rst_IBUF         |                1 |              4 |         4.00 |
|  clk_IBUF_BUFG                           | alarm_min_tens[0]         | rst_IBUF         |                1 |              4 |         4.00 |
|  clk_IBUF_BUFG                           | alarm_hr_tens[0]          | rst_IBUF         |                2 |              4 |         2.00 |
|  clk_IBUF_BUFG                           | alarm_min_ones[0]         | rst_IBUF         |                1 |              4 |         4.00 |
|  clk_IBUF_BUFG                           | hr_ones[0]                | rst_IBUF         |                3 |              4 |         1.33 |
|  clk_IBUF_BUFG                           | date_tens[0]              | rst_IBUF         |                2 |              4 |         2.00 |
|  clk_IBUF_BUFG                           | day[0]                    | rst_IBUF         |                1 |              4 |         4.00 |
|  clk_IBUF_BUFG                           | date_ones[0]              | rst_IBUF         |                2 |              4 |         2.00 |
|  clk_IBUF_BUFG                           | sec_tens[0]               | rst_IBUF         |                1 |              4 |         4.00 |
|  clk_IBUF_BUFG                           | t_hr_tens[0]              | count1           |                1 |              4 |         4.00 |
|  clk_IBUF_BUFG                           | t_ms_hun[0]               | count1           |                1 |              4 |         4.00 |
|  clk_IBUF_BUFG                           | t_min_tens[0]             | count1           |                1 |              4 |         4.00 |
|  clk_IBUF_BUFG                           | t_sec_tens[0]             | count1           |                1 |              4 |         4.00 |
|  clk_IBUF_BUFG                           | t_hr_ones[0]              | count1           |                1 |              4 |         4.00 |
|  clk_IBUF_BUFG                           | t_ms_tens[0]              | count1           |                1 |              4 |         4.00 |
|  clk_IBUF_BUFG                           | t_sec_ones[0]             | count1           |                2 |              4 |         2.00 |
|  clk_IBUF_BUFG                           | t_min_ones[0]             | count1           |                1 |              4 |         4.00 |
|  clk_IBUF_BUFG                           | hr_tens[3]_i_1_n_0        | rst_IBUF         |                2 |              4 |         2.00 |
|  clk_IBUF_BUFG                           | min_ones[3]_i_1_n_0       | rst_IBUF         |                1 |              4 |         4.00 |
|  clk_IBUF_BUFG                           |                           | count[0]_i_1_n_0 |                5 |             17 |         3.40 |
|  clk_IBUF_BUFG                           |                           | rst_IBUF         |               18 |             52 |         2.89 |
+------------------------------------------+---------------------------+------------------+------------------+----------------+--------------+


