
*** Running vivado
    with args -log Digital_clock.vds -m64 -product Vivado -mode batch -messageDb vivado.pb -notrace -source Digital_clock.tcl



****** Vivado v2025.2 (64-bit)
  **** SW Build 6299465 on Fri Nov 14 19:35:11 GMT 2025
  **** IP Build 6300035 on Fri Nov 14 10:48:45 MST 2025
  **** SharedData Build 6298862 on Thu Nov 13 04:50:51 MST 2025
  **** Start of session at: Mon Jul 20 13:18:49 2026
    ** Copyright 1986-2022 Xilinx, Inc. All Rights Reserved.
    ** Copyright 2022-2025 Advanced Micro Devices, Inc. All Rights Reserved.

source Digital_clock.tcl -notrace
Command: read_checkpoint -auto_incremental -incremental {E:/Digital Clock/Digital_Clock - V2/Digital_Clock.srcs/utils_1/imports/synth_1/Digital_clock.dcp}
INFO: [Vivado 12-5825] Read reference checkpoint from E:/Digital Clock/Digital_Clock - V2/Digital_Clock.srcs/utils_1/imports/synth_1/Digital_clock.dcp for incremental synthesis
INFO: [Vivado 12-7989] Please ensure there are no constraint changes
Command: synth_design -top Digital_clock -part xc7s50csga324-1
Starting synth_design
Attempting to get a license for feature 'Synthesis' and/or device 'xc7s50'
INFO: [Common 17-349] Got license for feature 'Synthesis' and/or device 'xc7s50'
INFO: [Device 21-403] Loading part xc7s50csga324-1
INFO: [Designutils 20-5440] No compile time benefit to using incremental synthesis; A full resynthesis will be run
INFO: [Designutils 20-4379] Flow is switching to default flow due to incremental criteria not met. If you would like to alter this behaviour and have the flow terminate instead, please set the following parameter config_implementation {autoIncr.Synth.RejectBehavior Terminate}
INFO: [Synth 8-7079] Multithreading enabled for synth_design using a maximum of 2 processes.
INFO: [Synth 8-7078] Launching helper process for spawning children vivado processes
INFO: [Synth 8-7075] Helper process launched with PID 21952
---------------------------------------------------------------------------------
Starting RTL Elaboration : Time (s): cpu = 00:00:04 ; elapsed = 00:00:05 . Memory (MB): peak = 1273.391 ; gain = 543.480
---------------------------------------------------------------------------------
INFO: [Synth 8-6157] synthesizing module 'Digital_clock' [E:/Digital Clock/Digital_Clock - V2/Digital_Clock.srcs/sources_1/new/Digital_clock.v:23]
INFO: [Synth 8-6157] synthesizing module 'Display_controller' [E:/Digital Clock/Digital_Clock - V2/Digital_Clock.srcs/sources_1/new/Display_Controller.v:23]
INFO: [Synth 8-6157] synthesizing module 'BCD_to_7Segment' [E:/Digital Clock/Digital_Clock - V2/Digital_Clock.srcs/sources_1/new/BCD_to_7Segment.v:23]
INFO: [Synth 8-6155] done synthesizing module 'BCD_to_7Segment' (0#1) [E:/Digital Clock/Digital_Clock - V2/Digital_Clock.srcs/sources_1/new/BCD_to_7Segment.v:23]
INFO: [Synth 8-6155] done synthesizing module 'Display_controller' (0#1) [E:/Digital Clock/Digital_Clock - V2/Digital_Clock.srcs/sources_1/new/Display_Controller.v:23]
INFO: [Synth 8-6155] done synthesizing module 'Digital_clock' (0#1) [E:/Digital Clock/Digital_Clock - V2/Digital_Clock.srcs/sources_1/new/Digital_clock.v:23]
---------------------------------------------------------------------------------
Finished RTL Elaboration : Time (s): cpu = 00:00:05 ; elapsed = 00:00:06 . Memory (MB): peak = 1395.012 ; gain = 665.102
---------------------------------------------------------------------------------
---------------------------------------------------------------------------------
Start Handling Custom Attributes
---------------------------------------------------------------------------------
---------------------------------------------------------------------------------
Finished Handling Custom Attributes : Time (s): cpu = 00:00:05 ; elapsed = 00:00:06 . Memory (MB): peak = 1395.012 ; gain = 665.102
---------------------------------------------------------------------------------
---------------------------------------------------------------------------------
Finished RTL Optimization Phase 1 : Time (s): cpu = 00:00:05 ; elapsed = 00:00:06 . Memory (MB): peak = 1395.012 ; gain = 665.102
---------------------------------------------------------------------------------
Netlist sorting complete. Time (s): cpu = 00:00:00 ; elapsed = 00:00:00.003 . Memory (MB): peak = 1395.012 ; gain = 0.000
INFO: [Project 1-570] Preparing netlist for logic optimization

Processing XDC Constraints
Initializing timing engine
Parsing XDC File [E:/Digital Clock/Digital_Clock - V2/Digital_Clock.srcs/Constraint/new/Constraint.xdc]
Finished Parsing XDC File [E:/Digital Clock/Digital_Clock - V2/Digital_Clock.srcs/Constraint/new/Constraint.xdc]
INFO: [Project 1-236] Implementation specific constraints were found while reading constraint file [E:/Digital Clock/Digital_Clock - V2/Digital_Clock.srcs/Constraint/new/Constraint.xdc]. These constraints will be ignored for synthesis but will be used in implementation. Impacted constraints are listed in the file [.Xil/Digital_clock_propImpl.xdc].
Resolution: To avoid this warning, move constraints listed in [.Xil/Digital_clock_propImpl.xdc] to another XDC file and exclude this new file from synthesis with the used_in_synthesis property (File Properties dialog in GUI) and re-run elaboration/synthesis.
Completed Processing XDC Constraints

Netlist sorting complete. Time (s): cpu = 00:00:00 ; elapsed = 00:00:00 . Memory (MB): peak = 1457.617 ; gain = 0.000
INFO: [Project 1-111] Unisim Transformation Summary:
No Unisim elements were transformed.

Constraint Validation Runtime : Time (s): cpu = 00:00:00 ; elapsed = 00:00:00.003 . Memory (MB): peak = 1457.617 ; gain = 0.000
INFO: [Designutils 20-5440] No compile time benefit to using incremental synthesis; A full resynthesis will be run
INFO: [Designutils 20-4379] Flow is switching to default flow due to incremental criteria not met. If you would like to alter this behaviour and have the flow terminate instead, please set the following parameter config_implementation {autoIncr.Synth.RejectBehavior Terminate}
---------------------------------------------------------------------------------
Finished Constraint Validation : Time (s): cpu = 00:00:10 ; elapsed = 00:00:13 . Memory (MB): peak = 1457.617 ; gain = 727.707
---------------------------------------------------------------------------------
---------------------------------------------------------------------------------
Start Loading Part and Timing Information
---------------------------------------------------------------------------------
Loading part: xc7s50csga324-1
---------------------------------------------------------------------------------
Finished Loading Part and Timing Information : Time (s): cpu = 00:00:10 ; elapsed = 00:00:13 . Memory (MB): peak = 1457.617 ; gain = 727.707
---------------------------------------------------------------------------------
---------------------------------------------------------------------------------
Start Applying 'set_property' XDC Constraints
---------------------------------------------------------------------------------
---------------------------------------------------------------------------------
Finished applying 'set_property' XDC Constraints : Time (s): cpu = 00:00:10 ; elapsed = 00:00:13 . Memory (MB): peak = 1457.617 ; gain = 727.707
---------------------------------------------------------------------------------
INFO: [Synth 8-802] inferred FSM for state register 'state_reg' in module 'Digital_clock'
WARNING: [Synth 8-327] inferring latch for variable 'AN_reg' [E:/Digital Clock/Digital_Clock - V2/Digital_Clock.srcs/sources_1/new/Display_Controller.v:54]
WARNING: [Synth 8-327] inferring latch for variable 'display_bcd_reg' [E:/Digital Clock/Digital_Clock - V2/Digital_Clock.srcs/sources_1/new/Display_Controller.v:52]
WARNING: [Synth 8-327] inferring latch for variable 'dp_reg' [E:/Digital Clock/Digital_Clock - V2/Digital_Clock.srcs/sources_1/new/Display_Controller.v:53]
---------------------------------------------------------------------------------------------------
                   State |                     New Encoding |                Previous Encoding 
---------------------------------------------------------------------------------------------------
                      s0 |                              001 |                               00
                      s1 |                              100 |                               01
                      s2 |                              010 |                               10
---------------------------------------------------------------------------------------------------
INFO: [Synth 8-3354] encoded FSM with state register 'state_reg' using encoding 'one-hot' in module 'Digital_clock'
---------------------------------------------------------------------------------
Finished RTL Optimization Phase 2 : Time (s): cpu = 00:00:11 ; elapsed = 00:00:13 . Memory (MB): peak = 1457.617 ; gain = 727.707
---------------------------------------------------------------------------------
---------------------------------------------------------------------------------
Start RTL Component Statistics 
---------------------------------------------------------------------------------
Detailed RTL Component Info : 
+---Adders : 
	   2 Input   32 Bit       Adders := 1     
	   2 Input    4 Bit       Adders := 9     
+---Registers : 
	               32 Bit    Registers := 1     
	                4 Bit    Registers := 9     
	                1 Bit    Registers := 1     
+---Muxes : 
	  11 Input    8 Bit        Muxes := 1     
	   4 Input    4 Bit        Muxes := 1     
	   2 Input    4 Bit        Muxes := 30    
	   3 Input    3 Bit        Muxes := 1     
	   2 Input    3 Bit        Muxes := 3     
	   9 Input    1 Bit        Muxes := 1     
	   2 Input    1 Bit        Muxes := 29    
	   4 Input    1 Bit        Muxes := 3     
	   7 Input    1 Bit        Muxes := 1     
---------------------------------------------------------------------------------
Finished RTL Component Statistics 
---------------------------------------------------------------------------------
---------------------------------------------------------------------------------
Start Part Resource Summary
---------------------------------------------------------------------------------
Part Resources:
DSPs: 120 (col length:60)
BRAMs: 150 (col length: RAMB18 60 RAMB36 30)
---------------------------------------------------------------------------------
Finished Part Resource Summary
---------------------------------------------------------------------------------
---------------------------------------------------------------------------------
Start Cross Boundary and Area Optimization
---------------------------------------------------------------------------------
WARNING: [Synth 8-3332] Sequential element (display_unit/AN_reg[7]) is unused and will be removed from module Digital_clock.
WARNING: [Synth 8-3332] Sequential element (display_unit/AN_reg[6]) is unused and will be removed from module Digital_clock.
WARNING: [Synth 8-3332] Sequential element (display_unit/AN_reg[5]) is unused and will be removed from module Digital_clock.
WARNING: [Synth 8-3332] Sequential element (display_unit/AN_reg[4]) is unused and will be removed from module Digital_clock.
WARNING: [Synth 8-3332] Sequential element (display_unit/AN_reg[3]) is unused and will be removed from module Digital_clock.
WARNING: [Synth 8-3332] Sequential element (display_unit/AN_reg[2]) is unused and will be removed from module Digital_clock.
WARNING: [Synth 8-3332] Sequential element (display_unit/AN_reg[1]) is unused and will be removed from module Digital_clock.
WARNING: [Synth 8-3332] Sequential element (display_unit/AN_reg[0]) is unused and will be removed from module Digital_clock.
---------------------------------------------------------------------------------
Finished Cross Boundary and Area Optimization : Time (s): cpu = 00:00:12 ; elapsed = 00:00:15 . Memory (MB): peak = 1457.617 ; gain = 727.707
---------------------------------------------------------------------------------
---------------------------------------------------------------------------------
Start Applying XDC Timing Constraints
---------------------------------------------------------------------------------
---------------------------------------------------------------------------------
Finished Applying XDC Timing Constraints : Time (s): cpu = 00:00:16 ; elapsed = 00:00:19 . Memory (MB): peak = 1582.531 ; gain = 852.621
---------------------------------------------------------------------------------
---------------------------------------------------------------------------------
Start Timing Optimization
---------------------------------------------------------------------------------
---------------------------------------------------------------------------------
Finished Timing Optimization : Time (s): cpu = 00:00:16 ; elapsed = 00:00:19 . Memory (MB): peak = 1608.230 ; gain = 878.320
---------------------------------------------------------------------------------
---------------------------------------------------------------------------------
Start Technology Mapping
---------------------------------------------------------------------------------
---------------------------------------------------------------------------------
Finished Technology Mapping : Time (s): cpu = 00:00:16 ; elapsed = 00:00:19 . Memory (MB): peak = 1608.230 ; gain = 878.320
---------------------------------------------------------------------------------
---------------------------------------------------------------------------------
Start IO Insertion
---------------------------------------------------------------------------------
---------------------------------------------------------------------------------
Start Flattening Before IO Insertion
---------------------------------------------------------------------------------
---------------------------------------------------------------------------------
Finished Flattening Before IO Insertion
---------------------------------------------------------------------------------
---------------------------------------------------------------------------------
Start Final Netlist Cleanup
---------------------------------------------------------------------------------
---------------------------------------------------------------------------------
Finished Final Netlist Cleanup
---------------------------------------------------------------------------------
---------------------------------------------------------------------------------
Finished IO Insertion : Time (s): cpu = 00:00:22 ; elapsed = 00:00:25 . Memory (MB): peak = 1845.215 ; gain = 1115.305
---------------------------------------------------------------------------------
---------------------------------------------------------------------------------
Start Renaming Generated Instances
---------------------------------------------------------------------------------
---------------------------------------------------------------------------------
Finished Renaming Generated Instances : Time (s): cpu = 00:00:22 ; elapsed = 00:00:25 . Memory (MB): peak = 1845.215 ; gain = 1115.305
---------------------------------------------------------------------------------
---------------------------------------------------------------------------------
Start Rebuilding User Hierarchy
---------------------------------------------------------------------------------
---------------------------------------------------------------------------------
Finished Rebuilding User Hierarchy : Time (s): cpu = 00:00:22 ; elapsed = 00:00:25 . Memory (MB): peak = 1845.215 ; gain = 1115.305
---------------------------------------------------------------------------------
---------------------------------------------------------------------------------
Start Renaming Generated Ports
---------------------------------------------------------------------------------
---------------------------------------------------------------------------------
Finished Renaming Generated Ports : Time (s): cpu = 00:00:22 ; elapsed = 00:00:25 . Memory (MB): peak = 1845.215 ; gain = 1115.305
---------------------------------------------------------------------------------
---------------------------------------------------------------------------------
Start Handling Custom Attributes
---------------------------------------------------------------------------------
---------------------------------------------------------------------------------
Finished Handling Custom Attributes : Time (s): cpu = 00:00:22 ; elapsed = 00:00:25 . Memory (MB): peak = 1845.215 ; gain = 1115.305
---------------------------------------------------------------------------------
---------------------------------------------------------------------------------
Start Renaming Generated Nets
---------------------------------------------------------------------------------
---------------------------------------------------------------------------------
Finished Renaming Generated Nets : Time (s): cpu = 00:00:22 ; elapsed = 00:00:25 . Memory (MB): peak = 1845.215 ; gain = 1115.305
---------------------------------------------------------------------------------
---------------------------------------------------------------------------------
Start Writing Synthesis Report
---------------------------------------------------------------------------------

Report BlackBoxes: 
+-+--------------+----------+
| |BlackBox name |Instances |
+-+--------------+----------+
+-+--------------+----------+

Report Cell Usage: 
+------+-------+------+
|      |Cell   |Count |
+------+-------+------+
|1     |BUFG   |     1|
|2     |CARRY4 |    12|
|3     |LUT1   |     9|
|4     |LUT2   |     3|
|5     |LUT3   |    16|
|6     |LUT4   |    34|
|7     |LUT5   |    57|
|8     |LUT6   |    26|
|9     |FDCE   |    85|
|10    |FDPE   |     3|
|11    |LD     |     5|
|12    |IBUF   |     5|
|13    |OBUF   |    26|
+------+-------+------+
---------------------------------------------------------------------------------
Finished Writing Synthesis Report : Time (s): cpu = 00:00:22 ; elapsed = 00:00:25 . Memory (MB): peak = 1845.215 ; gain = 1115.305
---------------------------------------------------------------------------------
Synthesis finished with 0 errors, 0 critical warnings and 11 warnings.
Synthesis Optimization Runtime : Time (s): cpu = 00:00:16 ; elapsed = 00:00:23 . Memory (MB): peak = 1845.215 ; gain = 1052.699
Synthesis Optimization Complete : Time (s): cpu = 00:00:22 ; elapsed = 00:00:25 . Memory (MB): peak = 1845.215 ; gain = 1115.305
INFO: [Project 1-571] Translating synthesized netlist
Netlist sorting complete. Time (s): cpu = 00:00:00 ; elapsed = 00:00:00.003 . Memory (MB): peak = 1854.391 ; gain = 0.000
INFO: [Netlist 29-17] Analyzing 17 Unisim elements for replacement
INFO: [Netlist 29-28] Unisim Transformation completed in 0 CPU seconds
INFO: [Project 1-570] Preparing netlist for logic optimization
INFO: [Opt 31-138] Pushed 0 inverter(s) to 0 load pin(s).
Netlist sorting complete. Time (s): cpu = 00:00:00 ; elapsed = 00:00:00 . Memory (MB): peak = 1858.055 ; gain = 0.000
INFO: [Project 1-111] Unisim Transformation Summary:
  A total of 5 instances were transformed.
  LD => LDCE: 5 instances

Synth Design complete | Checksum: 3424a864
INFO: [Common 17-83] Releasing license: Synthesis
29 Infos, 11 Warnings, 0 Critical Warnings and 0 Errors encountered.
synth_design completed successfully
synth_design: Time (s): cpu = 00:00:28 ; elapsed = 00:00:50 . Memory (MB): peak = 1858.055 ; gain = 1298.547
Write ShapeDB Complete: Time (s): cpu = 00:00:00 ; elapsed = 00:00:00.002 . Memory (MB): peak = 1858.055 ; gain = 0.000
INFO: [Common 17-1381] The checkpoint 'E:/Digital Clock/Digital_Clock - V2/Digital_Clock.runs/synth_1/Digital_clock.dcp' has been generated.
INFO: [Vivado 12-24828] Executing command : report_utilization -file Digital_clock_utilization_synth.rpt -pb Digital_clock_utilization_synth.pb
INFO: [Common 17-206] Exiting Vivado at Mon Jul 20 13:19:46 2026...
